
> Configure project :
MixinGradle did not locate the diffplug APT plugin, skipping eclipse task configuration
Java: 17.0.18, JVM: 17.0.18+8-LTS (Microsoft), Arch: amd64

> Task :downloadMcpConfig
> Task :extractSrg UP-TO-DATE
> Task :createMcpToSrg UP-TO-DATE

> Task :compileJava
./gradlew : Note: SpongePowered MIXIN 
Annotation Processor Version=0.8.5 
(MixinGradle Version=0.7.38)
En línea: 1 Carácter: 1
+ ./gradlew compileJava --console=plain > 
build_errors.log 2>&1
+ ~~~~~~~~~~~~~~~~~~~~~~~~~~~~~~~~~~~~~~~~~~~~
~~~~~~~~~~~~~~~~~
    + CategoryInfo          : NotSpecified: ( 
   Note: SpongePow...Version=0.7.38):String)  
   [], RemoteException
    + FullyQualifiedErrorId : NativeCommandEr 
   ror
 
Note: Supported obfuscation types: 
ObfuscationServiceMCP supports [notch] 
ObfuscationServiceFG3 supports [searge]
Note: Loading searge mappings from D:\Mods\Rag
narMMO\build\createMcpToSrg\output.tsrg
Note: Writing refmap to D:\Mods\RagnarMMO\buil
d\tmp\compileJava\compileJava-refmap.json
Note: Writing refmap to D:\Mods\RagnarMMO\buil
d\tmp\compileJava\compileJava-refmap.json
Note: Writing searge composite mappings to D:\
Mods\RagnarMMO\build\tmp\compileJava\compileJa
va-mappings.tsrg
Note: Writing refmap to D:\Mods\RagnarMMO\buil
d\tmp\compileJava\compileJava-refmap.json
Note: Writing refmap to D:\Mods\RagnarMMO\buil
d\tmp\compileJava\compileJava-refmap.json
Note: Writing searge composite mappings to D:\
Mods\RagnarMMO\build\tmp\compileJava\compileJa
va-mappings.tsrg
D:\Mods\RagnarMMO\src\main\java\com\etema\ragn
armmo\common\api\jobs\JobType.java:36: 
warning: [removal] SkillType in 
com.etema.ragnarmmo.skill.api has been 
deprecated and marked for removal
    private final java.util.Map<SkillType, 
Double> xpMultipliers;
                                ^
D:\Mods\RagnarMMO\src\main\java\com\etema\ragn
armmo\common\api\jobs\JobType.java:36: 
warning: [removal] SkillType in 
com.etema.ragnarmmo.skill.api has been 
deprecated and marked for removal
    private final java.util.Map<SkillType, 
Double> xpMultipliers;
                                ^
D:\Mods\RagnarMMO\src\main\java\com\etema\ragn
armmo\common\api\jobs\JobType.java:36: 
warning: [removal] SkillType in 
com.etema.ragnarmmo.skill.api has been 
deprecated and marked for removal
    private final java.util.Map<SkillType, 
Double> xpMultipliers;
                                ^
D:\Mods\RagnarMMO\src\main\java\com\etema\ragn
armmo\common\api\jobs\JobType.java:37: 
warning: [removal] SkillType in 
com.etema.ragnarmmo.skill.api has been 
deprecated and marked for removal
    private final java.util.Set<SkillType> 
classTreeSkills;
                                ^
D:\Mods\RagnarMMO\src\main\java\com\etema\ragn
armmo\common\api\jobs\JobType.java:37: 
warning: [removal] SkillType in 
com.etema.ragnarmmo.skill.api has been 
deprecated and marked for removal
    private final java.util.Set<SkillType> 
classTreeSkills;
                                ^
D:\Mods\RagnarMMO\src\main\java\com\etema\ragn
armmo\common\api\jobs\JobType.java:37: 
warning: [removal] SkillType in 
com.etema.ragnarmmo.skill.api has been 
deprecated and marked for removal
    private final java.util.Set<SkillType> 
classTreeSkills;
                                ^
D:\Mods\RagnarMMO\src\main\java\com\etema\ragn
armmo\common\api\jobs\JobType.java:41: 
warning: [removal] SkillType in 
com.etema.ragnarmmo.skill.api has been 
deprecated and marked for removal
        this.xpMultipliers = new 
EnumMap<>(SkillType.class);
                                           ^
D:\Mods\RagnarMMO\src\main\java\com\etema\ragn
armmo\common\api\jobs\JobType.java:42: 
warning: [removal] SkillType in 
com.etema.ragnarmmo.skill.api has been 
deprecated and marked for removal
        this.classTreeSkills = 
java.util.EnumSet.noneOf(SkillType.class);
                                              
          ^
D:\Mods\RagnarMMO\src\main\java\com\etema\ragn
armmo\common\api\jobs\JobType.java:54: 
warning: [removal] SkillType in 
com.etema.ragnarmmo.skill.api has been 
deprecated and marked for removal
                
classTreeSkills.add(SkillType.FIRST_AID);
                                    ^
D:\Mods\RagnarMMO\src\main\java\com\etema\ragn
armmo\common\api\jobs\JobType.java:55: 
warning: [removal] SkillType in 
com.etema.ragnarmmo.skill.api has been 
deprecated and marked for removal
                
classTreeSkills.add(SkillType.BASIC_SKILL);
                                    ^
D:\Mods\RagnarMMO\src\main\java\com\etema\ragn
armmo\common\api\jobs\JobType.java:56: 
warning: [removal] SkillType in 
com.etema.ragnarmmo.skill.api has been 
deprecated and marked for removal
                
classTreeSkills.add(SkillType.PLAY_DEAD);
                                    ^
D:\Mods\RagnarMMO\src\main\java\com\etema\ragn
armmo\common\api\jobs\JobType.java:59: 
warning: [removal] SkillType in 
com.etema.ragnarmmo.skill.api has been 
deprecated and marked for removal
                
classTreeSkills.add(SkillType.SWORD_MASTERY);
                                    ^
D:\Mods\RagnarMMO\src\main\java\com\etema\ragn
armmo\common\api\jobs\JobType.java:60: 
warning: [removal] SkillType in 
com.etema.ragnarmmo.skill.api has been 
deprecated and marked for removal
                
classTreeSkills.add(SkillType.BASH);
                                    ^
D:\Mods\RagnarMMO\src\main\java\com\etema\ragn
armmo\common\api\jobs\JobType.java:61: 
warning: [removal] SkillType in 
com.etema.ragnarmmo.skill.api has been 
deprecated and marked for removal
                
classTreeSkills.add(SkillType.PROVOKE);
                                    ^
D:\Mods\RagnarMMO\src\main\java\com\etema\ragn
armmo\common\api\jobs\JobType.java:62: 
warning: [removal] SkillType in 
com.etema.ragnarmmo.skill.api has been 
deprecated and marked for removal
                classTreeSkills.add(SkillType.
ONE_HAND_MASTERY);
                                    ^
D:\Mods\RagnarMMO\src\main\java\com\etema\ragn
armmo\common\api\jobs\JobType.java:63: 
warning: [removal] SkillType in 
com.etema.ragnarmmo.skill.api has been 
deprecated and marked for removal
                classTreeSkills.add(SkillType.
TWO_HAND_MASTERY);
                                    ^
D:\Mods\RagnarMMO\src\main\java\com\etema\ragn
armmo\common\api\jobs\JobType.java:64: 
warning: [removal] SkillType in 
com.etema.ragnarmmo.skill.api has been 
deprecated and marked for removal
                
classTreeSkills.add(SkillType.ENDURANCE);
                                    ^
D:\Mods\RagnarMMO\src\main\java\com\etema\ragn
armmo\common\api\jobs\JobType.java:67: 
warning: [removal] SkillType in 
com.etema.ragnarmmo.skill.api has been 
deprecated and marked for removal
                
xpMultipliers.put(SkillType.SWORD_MASTERY, 
1.3);
                                  ^
D:\Mods\RagnarMMO\src\main\java\com\etema\ragn
armmo\common\api\jobs\JobType.java:70: 
warning: [removal] SkillType in 
com.etema.ragnarmmo.skill.api has been 
deprecated and marked for removal
                
classTreeSkills.add(SkillType.STAFF_MASTERY);
                                    ^
D:\Mods\RagnarMMO\src\main\java\com\etema\ragn
armmo\common\api\jobs\JobType.java:71: 
warning: [removal] SkillType in 
com.etema.ragnarmmo.skill.api has been 
deprecated and marked for removal
                classTreeSkills.add(SkillType.
SPELL_KNOWLEDGE);
                                    ^
D:\Mods\RagnarMMO\src\main\java\com\etema\ragn
armmo\common\api\jobs\JobType.java:72: 
warning: [removal] SkillType in 
com.etema.ragnarmmo.skill.api has been 
deprecated and marked for removal
                
classTreeSkills.add(SkillType.MANA_CONTROL);
                                    ^
D:\Mods\RagnarMMO\src\main\java\com\etema\ragn
armmo\common\api\jobs\JobType.java:73: 
warning: [removal] SkillType in 
com.etema.ragnarmmo.skill.api has been 
deprecated and marked for removal
                classTreeSkills.add(SkillType.
MAGIC_AMPLIFICATION);
                                    ^
D:\Mods\RagnarMMO\src\main\java\com\etema\ragn
armmo\common\api\jobs\JobType.java:74: 
warning: [removal] SkillType in 
com.etema.ragnarmmo.skill.api has been 
deprecated and marked for removal
                classTreeSkills.add(SkillType.
ELEMENTAL_AFFINITY);
                                    ^
D:\Mods\RagnarMMO\src\main\java\com\etema\ragn
armmo\common\api\jobs\JobType.java:75: 
warning: [removal] SkillType in 
com.etema.ragnarmmo.skill.api has been 
deprecated and marked for removal
                
classTreeSkills.add(SkillType.MAGIC_GUARD);
                                    ^
D:\Mods\RagnarMMO\src\main\java\com\etema\ragn
armmo\common\api\jobs\JobType.java:76: 
warning: [removal] SkillType in 
com.etema.ragnarmmo.skill.api has been 
deprecated and marked for removal
                classTreeSkills.add(SkillType.
ARCANE_REGENERATION);
                                    ^
D:\Mods\RagnarMMO\src\main\java\com\etema\ragn
armmo\common\api\jobs\JobType.java:77: 
warning: [removal] SkillType in 
com.etema.ragnarmmo.skill.api has been 
deprecated and marked for removal
                
classTreeSkills.add(SkillType.OVERCAST);
                                    ^
D:\Mods\RagnarMMO\src\main\java\com\etema\ragn
armmo\common\api\jobs\JobType.java:80: 
warning: [removal] SkillType in 
com.etema.ragnarmmo.skill.api has been 
deprecated and marked for removal
                
classTreeSkills.add(SkillType.BOW_MASTERY);
                                    ^
D:\Mods\RagnarMMO\src\main\java\com\etema\ragn
armmo\common\api\jobs\JobType.java:81: 
warning: [removal] SkillType in 
com.etema.ragnarmmo.skill.api has been 
deprecated and marked for removal
                classTreeSkills.add(SkillType.
ACCURACY_TRAINING);
                                    ^
D:\Mods\RagnarMMO\src\main\java\com\etema\ragn
armmo\common\api\jobs\JobType.java:82: 
warning: [removal] SkillType in 
com.etema.ragnarmmo.skill.api has been 
deprecated and marked for removal
                
classTreeSkills.add(SkillType.CRITICAL_SHOT);
                                    ^
D:\Mods\RagnarMMO\src\main\java\com\etema\ragn
armmo\common\api\jobs\JobType.java:83: 
warning: [removal] SkillType in 
com.etema.ragnarmmo.skill.api has been 
deprecated and marked for removal
                
classTreeSkills.add(SkillType.EVASION_BOOST);
                                    ^
D:\Mods\RagnarMMO\src\main\java\com\etema\ragn
armmo\common\api\jobs\JobType.java:84: 
warning: [removal] SkillType in 
com.etema.ragnarmmo.skill.api has been 
deprecated and marked for removal
                
classTreeSkills.add(SkillType.WIND_WALKER);
                                    ^
D:\Mods\RagnarMMO\src\main\java\com\etema\ragn
armmo\common\api\jobs\JobType.java:85: 
warning: [removal] SkillType in 
com.etema.ragnarmmo.skill.api has been 
deprecated and marked for removal
                classTreeSkills.add(SkillType.
KITING_INSTINCT);
                                    ^
D:\Mods\RagnarMMO\src\main\java\com\etema\ragn
armmo\common\api\jobs\JobType.java:88: 
warning: [removal] SkillType in 
com.etema.ragnarmmo.skill.api has been 
deprecated and marked for removal
                
classTreeSkills.add(SkillType.DAGGER_MASTERY);
                                    ^
D:\Mods\RagnarMMO\src\main\java\com\etema\ragn
armmo\common\api\jobs\JobType.java:89: 
warning: [removal] SkillType in 
com.etema.ragnarmmo.skill.api has been 
deprecated and marked for removal
                classTreeSkills.add(SkillType.
BACKSTAB_TRAINING);
                                    ^
D:\Mods\RagnarMMO\src\main\java\com\etema\ragn
armmo\common\api\jobs\JobType.java:90: 
warning: [removal] SkillType in 
com.etema.ragnarmmo.skill.api has been 
deprecated and marked for removal
                classTreeSkills.add(SkillType.
STEALTH_INSTINCT);
                                    ^
D:\Mods\RagnarMMO\src\main\java\com\etema\ragn
armmo\common\api\jobs\JobType.java:91: 
warning: [removal] SkillType in 
com.etema.ragnarmmo.skill.api has been 
deprecated and marked for removal
                
classTreeSkills.add(SkillType.FLEE_TRAINING);
                                    ^
D:\Mods\RagnarMMO\src\main\java\com\etema\ragn
armmo\common\api\jobs\JobType.java:92: 
warning: [removal] SkillType in 
com.etema.ragnarmmo.skill.api has been 
deprecated and marked for removal
                classTreeSkills.add(SkillType.
POISON_EXPERTISE);
                                    ^
D:\Mods\RagnarMMO\src\main\java\com\etema\ragn
armmo\common\api\jobs\JobType.java:93: 
warning: [removal] SkillType in 
com.etema.ragnarmmo.skill.api has been 
deprecated and marked for removal
                
classTreeSkills.add(SkillType.FATAL_INSTINCT);
                                    ^
D:\Mods\RagnarMMO\src\main\java\com\etema\ragn
armmo\common\api\jobs\JobType.java:96: 
warning: [removal] SkillType in 
com.etema.ragnarmmo.skill.api has been 
deprecated and marked for removal
                
classTreeSkills.add(SkillType.MACE_MASTERY);
                                    ^
D:\Mods\RagnarMMO\src\main\java\com\etema\ragn
armmo\common\api\jobs\JobType.java:97: 
warning: [removal] SkillType in 
com.etema.ragnarmmo.skill.api has been 
deprecated and marked for removal
                
classTreeSkills.add(SkillType.FAITH);
                                    ^
D:\Mods\RagnarMMO\src\main\java\com\etema\ragn
armmo\common\api\jobs\JobType.java:98: 
warning: [removal] SkillType in 
com.etema.ragnarmmo.skill.api has been 
deprecated and marked for removal
                classTreeSkills.add(SkillType.
DIVINE_PROTECTION);
                                    ^
D:\Mods\RagnarMMO\src\main\java\com\etema\ragn
armmo\common\api\jobs\JobType.java:99: 
warning: [removal] SkillType in 
com.etema.ragnarmmo.skill.api has been 
deprecated and marked for removal
                
classTreeSkills.add(SkillType.HEAL_POWER);
                                    ^
D:\Mods\RagnarMMO\src\main\java\com\etema\ragn
armmo\common\api\jobs\JobType.java:100: 
warning: [removal] SkillType in 
com.etema.ragnarmmo.skill.api has been 
deprecated and marked for removal
                classTreeSkills.add(SkillType.
HOLY_RESISTANCE);
                                    ^
D:\Mods\RagnarMMO\src\main\java\com\etema\ragn
armmo\common\api\jobs\JobType.java:101: 
warning: [removal] SkillType in 
com.etema.ragnarmmo.skill.api has been 
deprecated and marked for removal
                
classTreeSkills.add(SkillType.BLESSING_AURA);
                                    ^
D:\Mods\RagnarMMO\src\main\java\com\etema\ragn
armmo\common\api\jobs\JobType.java:104: 
warning: [removal] SkillType in 
com.etema.ragnarmmo.skill.api has been 
deprecated and marked for removal
                classTreeSkills.add(SkillType.
TRADING_KNOWLEDGE);
                                    ^
D:\Mods\RagnarMMO\src\main\java\com\etema\ragn
armmo\common\api\jobs\JobType.java:105: 
warning: [removal] SkillType in 
com.etema.ragnarmmo.skill.api has been 
deprecated and marked for removal
                
classTreeSkills.add(SkillType.CART_STRENGTH);
                                    ^
D:\Mods\RagnarMMO\src\main\java\com\etema\ragn
armmo\common\api\jobs\JobType.java:106: 
warning: [removal] SkillType in 
com.etema.ragnarmmo.skill.api has been 
deprecated and marked for removal
                classTreeSkills.add(SkillType.
WEAPON_MAINTENANCE);
                                    ^
D:\Mods\RagnarMMO\src\main\java\com\etema\ragn
armmo\common\api\jobs\JobType.java:107: 
warning: [removal] SkillType in 
com.etema.ragnarmmo.skill.api has been 
deprecated and marked for removal
                classTreeSkills.add(SkillType.
ARMOR_MAINTENANCE);
                                    ^
D:\Mods\RagnarMMO\src\main\java\com\etema\ragn
armmo\common\api\jobs\JobType.java:108: 
warning: [removal] SkillType in 
com.etema.ragnarmmo.skill.api has been 
deprecated and marked for removal
                
classTreeSkills.add(SkillType.OVERCHARGE);
                                    ^
D:\Mods\RagnarMMO\src\main\java\com\etema\ragn
armmo\common\api\jobs\JobType.java:109: 
warning: [removal] SkillType in 
com.etema.ragnarmmo.skill.api has been 
deprecated and marked for removal
                
classTreeSkills.add(SkillType.BUSINESS_MIND);
                                    ^
D:\Mods\RagnarMMO\src\main\java\com\etema\ragn
armmo\common\api\jobs\JobType.java:141: 
warning: [removal] SkillType in 
com.etema.ragnarmmo.skill.api has been 
deprecated and marked for removal
    public double getXpMultiplier(SkillType 
skill) {
                                  ^
D:\Mods\RagnarMMO\src\main\java\com\etema\ragn
armmo\common\api\jobs\JobType.java:141: 
warning: [removal] SkillType in 
com.etema.ragnarmmo.skill.api has been 
deprecated and marked for removal
    public double getXpMultiplier(SkillType 
skill) {
                                  ^
D:\Mods\RagnarMMO\src\main\java\com\etema\ragn
armmo\common\api\jobs\JobType.java:141: 
warning: [removal] SkillType in 
com.etema.ragnarmmo.skill.api has been 
deprecated and marked for removal
    public double getXpMultiplier(SkillType 
skill) {
                                  ^
D:\Mods\RagnarMMO\src\main\java\com\etema\ragn
armmo\common\api\jobs\JobType.java:149: 
warning: [removal] SkillType in 
com.etema.ragnarmmo.skill.api has been 
deprecated and marked for removal
    public java.util.Set<SkillType> 
getAllowedSkills() {
                         ^
D:\Mods\RagnarMMO\src\main\java\com\etema\ragn
armmo\common\api\jobs\JobType.java:149: 
warning: [removal] SkillType in 
com.etema.ragnarmmo.skill.api has been 
deprecated and marked for removal
    public java.util.Set<SkillType> 
getAllowedSkills() {
                         ^
D:\Mods\RagnarMMO\src\main\java\com\etema\ragn
armmo\common\api\jobs\JobType.java:149: 
warning: [removal] SkillType in 
com.etema.ragnarmmo.skill.api has been 
deprecated and marked for removal
    public java.util.Set<SkillType> 
getAllowedSkills() {
                         ^
D:\Mods\RagnarMMO\src\main\java\com\etema\ragn
armmo\common\api\jobs\JobType.java:160: 
warning: [removal] SkillType in 
com.etema.ragnarmmo.skill.api has been 
deprecated and marked for removal
                
.map(SkillType::toResourceLocation)
                     ^
D:\Mods\RagnarMMO\src\main\java\com\etema\ragn
armmo\client\effects\importer\RoStrAdapter.jav
a:42: warning: [removal] 
ResourceLocation(String,String) in 
ResourceLocation has been deprecated and 
marked for removal
                        ? new 
ResourceLocation("minecraft", 
"textures/block/missingno.png")
                          ^
D:\Mods\RagnarMMO\src\main\java\com\etema\ragn
armmo\client\gui\tooltip\ClientCardTooltip.jav
a:31: warning: [removal] 
ResourceLocation(String,String) in 
ResourceLocation has been deprecated and 
marked for removal
        this.mobTexture = new 
ResourceLocation("ragnarmmo", 
"textures/gui/cards/" + namespace + "/" + 
path + ".png");
                          ^
D:\Mods\RagnarMMO\src\main\java\com\etema\ragn
armmo\client\render\entity\StatusOverlayRender
er.java:51: warning: [removal] 
ResourceLocation(String,String) in 
ResourceLocation has been deprecated and 
marked for removal
        return new 
ResourceLocation("minecraft", 
"textures/block/stone.png");
               ^
D:\Mods\RagnarMMO\src\main\java\com\etema\ragn
armmo\client\render\skill\BoltRenderer.java:32
: warning: [removal] 
ResourceLocation(String,String) in 
ResourceLocation has been deprecated and 
marked for removal
        return new 
ResourceLocation("minecraft", 
"textures/block/" + name + ".png");
               ^
D:\Mods\RagnarMMO\src\main\java\com\etema\ragn
armmo\client\render\skill\MagicProjectileRende
rer.java:26: warning: [removal] 
ResourceLocation(String,String) in 
ResourceLocation has been deprecated and 
marked for removal
    public static final ModelLayerLocation 
LAYER_LOCATION = new ModelLayerLocation(new 
ResourceLocation("ragnarmmo", 
"magic_projectile"), "main");
                                              
                                     ^
D:\Mods\RagnarMMO\src\main\java\com\etema\ragn
armmo\client\render\skill\MagicProjectileRende
rer.java:52: warning: [removal] 
ResourceLocation(String,String) in 
ResourceLocation has been deprecated and 
marked for removal
        return new 
ResourceLocation("minecraft", 
"textures/block/" + name + ".png");
               ^
D:\Mods\RagnarMMO\src\main\java\com\etema\ragn
armmo\entity\projectile\MagicProjectileEntity.
java:24: warning: [removal] 
ResourceLocation(String,String) in 
ResourceLocation has been deprecated and 
marked for removal
    private ResourceLocation skillId = new 
ResourceLocation("ragnarmmo", 
"magic_projectile");
                                       ^
D:\Mods\RagnarMMO\src\main\java\com\etema\ragn
armmo\client\render\skill\SkillVisuals.java:43
: warning: [removal] 
ResourceLocation(String,String) in 
ResourceLocation has been deprecated and 
marked for removal
        private RenderType renderType = 
RenderType.entityCutoutNoCull(new 
ResourceLocation("minecraft", "missingno")); 
// Placeholder
                                              
                        ^
D:\Mods\RagnarMMO\src\main\java\com\etema\ragn
armmo\client\render\skill\SoulStrikeRenderer.j
ava:20: warning: [removal] 
ResourceLocation(String,String) in 
ResourceLocation has been deprecated and 
marked for removal
    private static final ResourceLocation 
TEXTURE = new ResourceLocation("minecraft", 
"textures/block/soul_sand.png");
                                              
      ^
D:\Mods\RagnarMMO\src\main\java\com\etema\ragn
armmo\client\render\skill\UniversalSkillRender
er.java:92: warning: [removal] 
ResourceLocation(String,String) in 
ResourceLocation has been deprecated and 
marked for removal
                    .orElse(new 
ResourceLocation("minecraft", "missingno"));
                            ^
D:\Mods\RagnarMMO\src\main\java\com\etema\ragn
armmo\client\render\skill\UniversalSkillRender
er.java:94: warning: [removal] 
ResourceLocation(String,String) in 
ResourceLocation has been deprecated and 
marked for removal
        return new 
ResourceLocation("minecraft", "missingno");
               ^
D:\Mods\RagnarMMO\src\main\java\com\etema\ragn
armmo\client\ui\JobSelectionScreen.java:27: 
warning: [removal] 
ResourceLocation(String,String) in 
ResourceLocation has been deprecated and 
marked for removal
    private static final ResourceLocation 
BASIC_SKILL = new 
ResourceLocation("ragnarmmo", "basic_skill");
                                              
          ^
D:\Mods\RagnarMMO\src\main\java\com\etema\ragn
armmo\client\ui\JobSelectionScreen.java:281: 
warning: [removal] SkillType in 
com.etema.ragnarmmo.skill.api has been 
deprecated and marked for removal
            for (SkillType skill : skills) {
                 ^
D:\Mods\RagnarMMO\src\main\java\com\etema\ragn
armmo\client\ui\JobSelectionScreen.java:384: 
warning: [removal] SkillType in 
com.etema.ragnarmmo.skill.api has been 
deprecated and marked for removal
    private void 
renderSkillTooltip(GuiGraphics g, SkillType 
skill, int mouseX, int mouseY) {
                                              
     ^
D:\Mods\RagnarMMO\src\main\java\com\etema\ragn
armmo\client\ui\JobSelectionScreen.java:384: 
warning: [removal] SkillType in 
com.etema.ragnarmmo.skill.api has been 
deprecated and marked for removal
    private void 
renderSkillTooltip(GuiGraphics g, SkillType 
skill, int mouseX, int mouseY) {
                                              
     ^
D:\Mods\RagnarMMO\src\main\java\com\etema\ragn
armmo\client\ui\JobSelectionScreen.java:384: 
warning: [removal] SkillType in 
com.etema.ragnarmmo.skill.api has been 
deprecated and marked for removal
    private void 
renderSkillTooltip(GuiGraphics g, SkillType 
skill, int mouseX, int mouseY) {
                                              
     ^
D:\Mods\RagnarMMO\src\main\java\com\etema\ragn
armmo\client\ui\SkillTreeAdapter.java:35: 
warning: [removal] SkillType in 
com.etema.ragnarmmo.skill.api has been 
deprecated and marked for removal
        private final SkillType legacyType; 
// Null if no legacy enum exists
                      ^
D:\Mods\RagnarMMO\src\main\java\com\etema\ragn
armmo\client\ui\SkillTreeAdapter.java:35: 
warning: [removal] SkillType in 
com.etema.ragnarmmo.skill.api has been 
deprecated and marked for removal
        private final SkillType legacyType; 
// Null if no legacy enum exists
                      ^
D:\Mods\RagnarMMO\src\main\java\com\etema\ragn
armmo\client\ui\SkillTreeAdapter.java:35: 
warning: [removal] SkillType in 
com.etema.ragnarmmo.skill.api has been 
deprecated and marked for removal
        private final SkillType legacyType; 
// Null if no legacy enum exists
                      ^
D:\Mods\RagnarMMO\src\main\java\com\etema\ragn
armmo\client\ui\SkillTreeAdapter.java:42: 
warning: [removal] SkillType in 
com.etema.ragnarmmo.skill.api has been 
deprecated and marked for removal
            this.legacyType = 
SkillType.fromResourceLocation(skillId);
                              ^
D:\Mods\RagnarMMO\src\main\java\com\etema\ragn
armmo\client\ui\SkillTreeAdapter.java:65: 
warning: [removal] SkillType in 
com.etema.ragnarmmo.skill.api has been 
deprecated and marked for removal
        public SkillType getLegacyType() {
               ^
D:\Mods\RagnarMMO\src\main\java\com\etema\ragn
armmo\client\ui\SkillTreeAdapter.java:65: 
warning: [removal] SkillType in 
com.etema.ragnarmmo.skill.api has been 
deprecated and marked for removal
        public SkillType getLegacyType() {
               ^
D:\Mods\RagnarMMO\src\main\java\com\etema\ragn
armmo\client\ui\SkillTreeAdapter.java:65: 
warning: [removal] SkillType in 
com.etema.ragnarmmo.skill.api has been 
deprecated and marked for removal
        public SkillType getLegacyType() {
               ^
D:\Mods\RagnarMMO\src\main\java\com\etema\ragn
armmo\client\ui\SkillTreeAdapter.java:148: 
warning: [removal] SkillType in 
com.etema.ragnarmmo.skill.api has been 
deprecated and marked for removal
        for (SkillType type : 
SkillType.values()) {
                              ^
D:\Mods\RagnarMMO\src\main\java\com\etema\ragn
armmo\client\ui\SkillTreeAdapter.java:148: 
warning: [removal] SkillType in 
com.etema.ragnarmmo.skill.api has been 
deprecated and marked for removal
        for (SkillType type : 
SkillType.values()) {
             ^
D:\Mods\RagnarMMO\src\main\java\com\etema\ragn
armmo\skill\runtime\SkillManager.java:614: 
warning: [removal] SkillType in 
com.etema.ragnarmmo.skill.api has been 
deprecated and marked for removal
    public SkillType getActiveCastSkill() {
           ^
D:\Mods\RagnarMMO\src\main\java\com\etema\ragn
armmo\skill\runtime\SkillManager.java:614: 
warning: [removal] SkillType in 
com.etema.ragnarmmo.skill.api has been 
deprecated and marked for removal
    public SkillType getActiveCastSkill() {
           ^
D:\Mods\RagnarMMO\src\main\java\com\etema\ragn
armmo\skill\runtime\SkillManager.java:614: 
warning: [removal] SkillType in 
com.etema.ragnarmmo.skill.api has been 
deprecated and marked for removal
    public SkillType getActiveCastSkill() {
           ^
D:\Mods\RagnarMMO\src\main\java\com\etema\ragn
armmo\skill\runtime\SkillManager.java:615: 
warning: [removal] SkillType in 
com.etema.ragnarmmo.skill.api has been 
deprecated and marked for removal
        return activeCastSkillId != null ? Ski
llType.fromResourceLocation(activeCastSkillId)
 : null;
                                           ^
D:\Mods\RagnarMMO\src\main\java\com\etema\ragn
armmo\skill\runtime\SkillManager.java:762: 
warning: [removal] 
ResourceLocation(String,String) in 
ResourceLocation has been deprecated and 
marked for removal
                skillId = new 
ResourceLocation(DEFAULT_NAMESPACE, 
key.toLowerCase());
                          ^
D:\Mods\RagnarMMO\src\main\java\com\etema\ragn
armmo\skill\runtime\SkillManager.java:815: 
warning: [removal] 
ResourceLocation(String,String) in 
ResourceLocation has been deprecated and 
marked for removal
                    skillId = new 
ResourceLocation(DEFAULT_NAMESPACE, 
key.toLowerCase());
                              ^
D:\Mods\RagnarMMO\src\main\java\com\etema\ragn
armmo\skill\runtime\SkillManager.java:997: 
warning: [removal] SkillType in 
com.etema.ragnarmmo.skill.api has been 
deprecated and marked for removal
    public float 
getCooldownProgress(SkillType type, float 
partialTick) {
                                     ^
D:\Mods\RagnarMMO\src\main\java\com\etema\ragn
armmo\skill\runtime\SkillManager.java:997: 
warning: [removal] SkillType in 
com.etema.ragnarmmo.skill.api has been 
deprecated and marked for removal
    public float 
getCooldownProgress(SkillType type, float 
partialTick) {
                                     ^
D:\Mods\RagnarMMO\src\main\java\com\etema\ragn
armmo\skill\runtime\SkillManager.java:997: 
warning: [removal] SkillType in 
com.etema.ragnarmmo.skill.api has been 
deprecated and marked for removal
    public float 
getCooldownProgress(SkillType type, float 
partialTick) {
                                     ^
D:\Mods\RagnarMMO\src\main\java\com\etema\ragn
armmo\system\lifeskills\LifeSkillManager.java:
124: warning: [removal] SkillType in 
com.etema.ragnarmmo.skill.api has been 
deprecated and marked for removal
    public static boolean 
isLifeSkill(SkillType type) {
                                      ^
D:\Mods\RagnarMMO\src\main\java\com\etema\ragn
armmo\system\lifeskills\LifeSkillManager.java:
124: warning: [removal] SkillType in 
com.etema.ragnarmmo.skill.api has been 
deprecated and marked for removal
    public static boolean 
isLifeSkill(SkillType type) {
                                      ^
D:\Mods\RagnarMMO\src\main\java\com\etema\ragn
armmo\system\lifeskills\LifeSkillManager.java:
124: warning: [removal] SkillType in 
com.etema.ragnarmmo.skill.api has been 
deprecated and marked for removal
    public static boolean 
isLifeSkill(SkillType type) {
                                      ^
D:\Mods\RagnarMMO\src\main\java\com\etema\ragn
armmo\system\lifeskills\LifeSkillManager.java:
134: warning: [removal] SkillType in 
com.etema.ragnarmmo.skill.api has been 
deprecated and marked for removal
    public static LifeSkillType 
fromLegacy(SkillType legacyType) {
                                           ^
D:\Mods\RagnarMMO\src\main\java\com\etema\ragn
armmo\system\lifeskills\LifeSkillManager.java:
134: warning: [removal] SkillType in 
com.etema.ragnarmmo.skill.api has been 
deprecated and marked for removal
    public static LifeSkillType 
fromLegacy(SkillType legacyType) {
                                           ^
D:\Mods\RagnarMMO\src\main\java\com\etema\ragn
armmo\system\lifeskills\LifeSkillManager.java:
134: warning: [removal] SkillType in 
com.etema.ragnarmmo.skill.api has been 
deprecated and marked for removal
    public static LifeSkillType 
fromLegacy(SkillType legacyType) {
                                           ^
D:\Mods\RagnarMMO\src\main\java\com\etema\ragn
armmo\system\lifeskills\LifeSkillManager.java:
145: warning: [removal] SkillType in 
com.etema.ragnarmmo.skill.api has been 
deprecated and marked for removal
    public LifeSkillProgress 
getSkill(SkillType legacyType) {
                                      ^
D:\Mods\RagnarMMO\src\main\java\com\etema\ragn
armmo\system\lifeskills\LifeSkillManager.java:
145: warning: [removal] SkillType in 
com.etema.ragnarmmo.skill.api has been 
deprecated and marked for removal
    public LifeSkillProgress 
getSkill(SkillType legacyType) {
                                      ^
D:\Mods\RagnarMMO\src\main\java\com\etema\ragn
armmo\system\lifeskills\LifeSkillManager.java:
145: warning: [removal] SkillType in 
com.etema.ragnarmmo.skill.api has been 
deprecated and marked for removal
    public LifeSkillProgress 
getSkill(SkillType legacyType) {
                                      ^
D:\Mods\RagnarMMO\src\main\java\com\etema\ragn
armmo\client\ui\StatsScreen.java:712: error: 
the switch expression does not cover all 
possible input values
                return switch (key) {
                       ^
D:\Mods\RagnarMMO\src\main\java\com\etema\ragn
armmo\client\ui\StatsScreen.java:723: error: 
the switch expression does not cover all 
possible input values
                return switch (key) {
                       ^
D:\Mods\RagnarMMO\src\main\java\com\etema\ragn
armmo\client\ui\StatsScreen.java:743: error: 
the switch expression does not cover all 
possible input values
                return switch (key) {
                       ^
D:\Mods\RagnarMMO\src\main\java\com\etema\ragn
armmo\system\stats\event\CommonEvents.java:186
: error: incompatible types: bad type in 
conditional expression
            int dirtyMask = stats instanceof 
PlayerStats internal ? 
internal.consumeDirtyMask() : 
(stats.consumeDirty() ? com.etema.ragnarmmo.co
mmon.api.player.RoPlayerSyncDomain.allMask() 
: 0);
                                              
                                              
 ^
    boolean cannot be converted to int
Note: Some input files use or override a 
deprecated API.
Note: Recompile with -Xlint:deprecation for 
details.
Note: Some input files additionally use or 
override a deprecated API that is marked for 
removal.
4 errors
100 warnings

> Task :compileJava FAILED

FAILURE: Build failed with an exception.

* What went wrong:
Execution failed for task ':compileJava'.
> Compilation failed; see the compiler error 
output for details.

* Try:
> Run with --info option to get more log 
output.
> Run with --scan to get full insights.

Deprecated Gradle features were used in this build, making it incompatible with Gradle 9.0.

You can use '--warning-mode all' to show the individual deprecation warnings and determine if they come from your own scripts or plugins.

For more on this, please refer to https://docs.gradle.org/8.8/userguide/command_line_interface.html#sec:command_line_warnings in the Gradle documentation.

BUILD FAILED in 4s
4 actionable tasks: 2 executed, 2 up-to-date
